<?xml version="1.0" encoding="UTF-8"?><mappingRoot xmlns="http://www.ibm.com/2008/ccl/Mapping" domainID="com.ibm.msl.mapping.xml" domainIDExtension="mb" mainMap="true" targetNamespace="default" version="8.0.5.0" xmlns:map="default">
    <inlinedXMLSchema><![CDATA[<?xml version="1.0" encoding="UTF-8"?><xsd:schema xmlns:xsd="http://www.w3.org/2001/XMLSchema"> 
    <xsd:element name="id" type="xsd:decimal"/> 
</xsd:schema>]]></inlinedXMLSchema>
    <input path="jar:file://!com/ibm/etools/mft/map/xsds/predefined/BlobMessage.xsd" var="var1"/>
    <input inlinedXMLSchema="true" path="../schema_0.xsd" var="var"/>
    <output path="/dal-inventory_InlineSchema1.xsd"/>
    <namespaces>
        <namespace kind="supplement" prefix="out" uri="http://ws.inventory/"/>
    </namespaces>
    <generation engine="xquery"/>
    <mappingDeclaration name="getItemById_MapRequest">
        <input path="$var1/mb:msg(BLOB,assembly,BLOB,LocalEnvironment,Properties)" var="MessageAssembly">
            <cast castType="userDefined" path="$MessageAssembly/LocalEnvironment/REST/Input/Parameters/any" qualifier="id" ref="var"/>
        </input>
        <output namespace="http://ws.inventory/" path="mb:msg(itemById,assembly,XMLNSC,Properties)" var="MessageAssembly1"/>
        <move>
            <input path="$MessageAssembly/Properties"/>
            <output path="$MessageAssembly1/Properties"/>
        </move>
        <move>
            <input path="$MessageAssembly/LocalEnvironment/REST/Input/Parameters/id"/>
            <output path="$MessageAssembly1/itemById/id"/>
        </move>
    </mappingDeclaration>
</mappingRoot>